// Jest Snapshot v1, https://goo.gl/fbAQLP

exports[`Quiz Welcome Matches the snapshot 1`] = `
<div
  class="MuiGrid-root makeStyles-root-19 MuiGrid-container"
  data-testid="MeetGuy"
>
  <div
    class="MuiGrid-root MuiGrid-item MuiGrid-grid-lg-4"
  />
  <div
    class="MuiGrid-root MuiGrid-item MuiGrid-grid-sm-12 MuiGrid-grid-lg-4"
  >
    <div
      class="MuiGrid-root MuiGrid-container MuiGrid-direction-xs-column MuiGrid-align-items-xs-center"
    >
      <div
        class="MuiGrid-root MuiGrid-item"
      >
        <div
          class="MuiBox-root MuiBox-root-21"
        >
          <h4
            class="MuiTypography-root MuiTypography-h4"
          >
            Hello there!
          </h4>
        </div>
      </div>
      <div
        class="MuiGrid-root MuiGrid-item"
      >
        <h6
          class="MuiTypography-root MuiTypography-h6"
        >
          Welcome to Climate Mind.
        </h6>
      </div>
      <div
        class="MuiGrid-root MuiGrid-item"
      >
        <div
          class="MuiBox-root MuiBox-root-22"
        >
          <svg
            data-testid="climate-mind-logo"
          >
            cm-logo.svg
          </svg>
        </div>
      </div>
      <div
        class="MuiGrid-root MuiGrid-item"
      >
        <div
          class="MuiBox-root MuiBox-root-23"
        >
          <p
            class="MuiTypography-root makeStyles-typography-20 MuiTypography-body1"
          >
            Iâ€™ll help you find out your Climate Personality to give you personalised solutions to climate change.
          </p>
        </div>
      </div>
      <div
        class="MuiGrid-root MuiGrid-item"
      >
        <div
          class="MuiBox-root MuiBox-root-24"
        >
          <button
            class="MuiButtonBase-root MuiButton-root MuiButton-contained MuiButton-containedPrimary MuiButton-disableElevation"
            tabindex="0"
            type="button"
          >
            <span
              class="MuiButton-label"
            >
              Let's Go!
            </span>
            <span
              class="MuiTouchRipple-root"
            />
          </button>
        </div>
      </div>
    </div>
  </div>
  <div
    class="MuiGrid-root MuiGrid-item MuiGrid-grid-lg-4"
  />
</div>
`;
